2026-09-30 18:52:13,096 | INFO | Starting BUSI preprocessing.
2026-09-30 18:52:13,101 | INFO | Raw dataset: /content/drive/MyDrive/BUSI-XAI/data/raw
2026-09-30 18:52:13,922 | INFO | Discovered 647 images.
2026-09-30 18:52:14,469 | INFO | Processed 1/647: benign (1).png
2026-09-30 18:52:15,244 | INFO | Processed 2/647: benign (10).png
2026-09-30 18:52:15,609 | INFO | Processed 3/647: benign (100).png
2026-09-30 18:52:22,730 | INFO | Processed 4/647: benign (101).png
2026-09-30 18:52:23,147 | INFO | Processed 5/647: benign (102).png
2026-09-30 18:52:23,539 | INFO | Processed 6/647: benign (103).png
2026-09-30 18:52:24,001 | INFO | Processed 7/647: benign (104).png
2026-09-30 18:52:24,533 | INFO | Processed 8/647: benign (105).png
2026-09-30 18:52:25,043 | INFO | Processed 9/647: benign (106).png
2026-09-30 18:52:25,239 | INFO | Processed 10/647: benign (107).png
2026-09-30 18:52:25,493 | INFO | Processed 11/647: benign (108).png
2026-09-30 18:52:25,624 | INFO | Processed 12/647: benign (109).png
2026-09-30 18:52:25,802 | INFO | Processed 13/647: benign (11).png
2026-09-30 18:52:25,929 | INFO | Processed 14/647: benign (110).png
2026-09-30 18:52:26,017 | INFO | Processed 15/647: benign (111).png
2026-09-30 18:52:26,206 | INFO | Processed 16/647: benign (112).png
2026-09-30 18:52:26,456 | INFO | Processed 17/647: benign (113).png
2026-09-30 18:52:26,648 | INFO | Processed 18/647: benign (114).png
2026-09-30 18:52:26,779 | INFO | Processed 19/647: benign (115).png
2026-09-30 18:52:26,973 | INFO | Processed 20/647: benign (116).png
2026-09-30 18:52:27,206 | INFO | Processed 21/647: benign (117).png
2026-09-30 18:52:27,391 | INFO | Processed 22/647: benign (118).png
2026-09-30 18:52:27,582 | INFO | Processed 23/647: benign (119).png
2026-09-30 18:52:27,770 | INFO | Processed 24/647: benign (12).png
2026-09-30 18:52:28,005 | INFO | Processed 25/647: benign (120).png
2026-09-30 18:52:28,174 | INFO | Processed 26/647: benign (121).png
2026-09-30 18:52:28,373 | INFO | Processed 27/647: benign (122).png
2026-09-30 18:52:28,547 | INFO | Processed 28/647: benign (123).png
2026-09-30 18:52:28,718 | INFO | Processed 29/647: benign (124).png
2026-09-30 18:52:28,909 | INFO | Processed 30/647: benign (125).png
2026-09-30 18:52:29,103 | INFO | Processed 31/647: benign (126).png
2026-09-30 18:52:29,238 | INFO | Processed 32/647: benign (127).png
2026-09-30 18:52:29,359 | INFO | Processed 33/647: benign (128).png
2026-09-30 18:52:29,576 | INFO | Processed 34/647: benign (129).png
2026-09-30 18:52:29,754 | INFO | Processed 35/647: benign (13).png
2026-09-30 18:52:29,879 | INFO | Processed 36/647: benign (130).png
2026-09-30 18:52:30,005 | INFO | Processed 37/647: benign (131).png
2026-09-30 18:52:30,130 | INFO | Processed 38/647: benign (132).png
2026-09-30 18:52:30,210 | INFO | Processed 39/647: benign (133).png
2026-09-30 18:52:30,334 | INFO | Processed 40/647: benign (134).png
2026-09-30 18:52:30,541 | INFO | Processed 41/647: benign (135).png
2026-09-30 18:52:30,758 | INFO | Processed 42/647: benign (136).png
2026-09-30 18:52:30,950 | INFO | Processed 43/647: benign (137).png
2026-09-30 18:52:31,147 | INFO | Processed 44/647: benign (138).png
2026-09-30 18:52:31,275 | INFO | Processed 45/647: benign (139).png
2026-09-30 18:52:31,444 | INFO | Processed 46/647: benign (14).png
2026-09-30 18:52:31,587 | INFO | Processed 47/647: benign (140).png
2026-09-30 18:52:31,753 | INFO | Processed 48/647: benign (141).png
2026-09-30 18:52:31,961 | INFO | Processed 49/647: benign (142).png
2026-09-30 18:52:32,099 | INFO | Processed 50/647: benign (143).png
2026-09-30 18:52:32,296 | INFO | Processed 51/647: benign (144).png
2026-09-30 18:52:32,499 | INFO | Processed 52/647: benign (145).png
2026-09-30 18:52:32,646 | INFO | Processed 53/647: benign (146).png
2026-09-30 18:52:32,824 | INFO | Processed 54/647: benign (147).png
2026-09-30 18:52:32,994 | INFO | Processed 55/647: benign (148).png
2026-09-30 18:52:33,184 | INFO | Processed 56/647: benign (149).png
2026-09-30 18:52:33,408 | INFO | Processed 57/647: benign (15).png
2026-09-30 18:52:33,691 | INFO | Processed 58/647: benign (150).png
2026-09-30 18:52:33,856 | INFO | Processed 59/647: benign (151).png
2026-09-30 18:52:34,028 | INFO | Processed 60/647: benign (152).png
2026-09-30 18:52:34,289 | INFO | Processed 61/647: benign (153).png
2026-09-30 18:52:34,461 | INFO | Processed 62/647: benign (154).png
2026-09-30 18:52:34,759 | INFO | Processed 63/647: benign (155).png
2026-09-30 18:52:35,076 | INFO | Processed 64/647: benign (156).png
2026-09-30 18:52:35,260 | INFO | Processed 65/647: benign (157).png
2026-09-30 18:52:35,420 | INFO | Processed 66/647: benign (158).png
2026-09-30 18:52:35,657 | INFO | Processed 67/647: benign (159).png
2026-09-30 18:52:35,827 | INFO | Processed 68/647: benign (16).png
2026-09-30 18:52:36,031 | INFO | Processed 69/647: benign (160).png
2026-09-30 18:52:36,212 | INFO | Processed 70/647: benign (161).png
2026-09-30 18:52:36,376 | INFO | Processed 71/647: benign (162).png
2026-09-30 18:52:36,633 | INFO | Processed 72/647: benign (163).png
2026-09-30 18:52:36,863 | INFO | Processed 73/647: benign (164).png
2026-09-30 18:52:37,046 | INFO | Processed 74/647: benign (165).png
2026-09-30 18:52:37,217 | INFO | Processed 75/647: benign (166).png
2026-09-30 18:52:37,426 | INFO | Processed 76/647: benign (167).png
2026-09-30 18:52:37,717 | INFO | Processed 77/647: benign (168).png
2026-09-30 18:52:37,928 | INFO | Processed 78/647: benign (169).png
2026-09-30 18:52:38,168 | INFO | Processed 79/647: benign (17).png
2026-09-30 18:52:38,407 | INFO | Processed 80/647: benign (170).png
2026-09-30 18:52:38,672 | INFO | Processed 81/647: benign (171).png
2026-09-30 18:52:38,918 | INFO | Processed 82/647: benign (172).png
2026-09-30 18:52:39,128 | INFO | Processed 83/647: benign (173).png
2026-09-30 18:52:39,271 | INFO | Processed 84/647: benign (174).png
2026-09-30 18:52:39,463 | INFO | Processed 85/647: benign (175).png
2026-09-30 18:52:39,627 | INFO | Processed 86/647: benign (176).png
2026-09-30 18:52:39,764 | INFO | Processed 87/647: benign (177).png
2026-09-30 18:52:39,970 | INFO | Processed 88/647: benign (178).png
2026-09-30 18:52:40,087 | INFO | Processed 89/647: benign (179).png
2026-09-30 18:52:40,213 | INFO | Processed 90/647: benign (18).png
2026-09-30 18:52:40,441 | INFO | Processed 91/647: benign (180).png
2026-09-30 18:52:40,599 | INFO | Processed 92/647: benign (181).png
2026-09-30 18:52:40,736 | INFO | Processed 93/647: benign (182).png
2026-09-30 18:52:40,993 | INFO | Processed 94/647: benign (183).png
2026-09-30 18:52:41,101 | INFO | Processed 95/647: benign (184).png
2026-09-30 18:52:41,307 | INFO | Processed 96/647: benign (185).png
2026-09-30 18:52:41,500 | INFO | Processed 97/647: benign (186).png
2026-09-30 18:52:41,687 | INFO | Processed 98/647: benign (187).png
2026-09-30 18:52:41,841 | INFO | Processed 99/647: benign (188).png
2026-09-30 18:52:41,966 | INFO | Processed 100/647: benign (189).png
2026-09-30 18:52:42,147 | INFO | Processed 101/647: benign (19).png
2026-09-30 18:52:42,302 | INFO | Processed 102/647: benign (190).png
2026-09-30 18:52:42,428 | INFO | Processed 103/647: benign (191).png
2026-09-30 18:52:42,559 | INFO | Processed 104/647: benign (192).png
2026-09-30 18:52:42,749 | INFO | Processed 105/647: benign (193).png
2026-09-30 18:52:42,945 | INFO | Processed 106/647: benign (194).png
2026-09-30 18:52:43,118 | INFO | Processed 107/647: benign (195).png
2026-09-30 18:52:43,322 | INFO | Processed 108/647: benign (196).png
2026-09-30 18:52:43,450 | INFO | Processed 109/647: benign (197).png
2026-09-30 18:52:43,644 | INFO | Processed 110/647: benign (198).png
2026-09-30 18:52:43,780 | INFO | Processed 111/647: benign (199).png
2026-09-30 18:52:43,914 | INFO | Processed 112/647: benign (2).png
2026-09-30 18:52:44,002 | INFO | Processed 113/647: benign (20).png
2026-09-30 18:52:44,181 | INFO | Processed 114/647: benign (200).png
2026-09-30 18:52:44,329 | INFO | Processed 115/647: benign (201).png
2026-09-30 18:52:44,454 | INFO | Processed 116/647: benign (202).png
2026-09-30 18:52:44,585 | INFO | Processed 117/647: benign (203).png
2026-09-30 18:52:44,721 | INFO | Processed 118/647: benign (204).png
2026-09-30 18:52:44,847 | INFO | Processed 119/647: benign (205).png
2026-09-30 18:52:44,970 | INFO | Processed 120/647: benign (206).png
2026-09-30 18:52:45,113 | INFO | Processed 121/647: benign (207).png
2026-09-30 18:52:45,253 | INFO | Processed 122/647: benign (208).png
2026-09-30 18:52:45,395 | INFO | Processed 123/647: benign (209).png
2026-09-30 18:52:45,520 | INFO | Processed 124/647: benign (21).png
2026-09-30 18:52:45,654 | INFO | Processed 125/647: benign (210).png
2026-09-30 18:52:45,785 | INFO | Processed 126/647: benign (211).png
2026-09-30 18:52:45,913 | INFO | Processed 127/647: benign (212).png
2026-09-30 18:52:46,047 | INFO | Processed 128/647: benign (213).png
2026-09-30 18:52:46,191 | INFO | Processed 129/647: benign (214).png
2026-09-30 18:52:46,324 | INFO | Processed 130/647: benign (215).png
2026-09-30 18:52:46,456 | INFO | Processed 131/647: benign (216).png
2026-09-30 18:52:46,581 | INFO | Processed 132/647: benign (217).png
2026-09-30 18:52:46,703 | INFO | Processed 133/647: benign (218).png
2026-09-30 18:52:46,818 | INFO | Processed 134/647: benign (219).png
2026-09-30 18:52:46,942 | INFO | Processed 135/647: benign (22).png
2026-09-30 18:52:47,065 | INFO | Processed 136/647: benign (220).png
2026-09-30 18:52:47,208 | INFO | Processed 137/647: benign (221).png
2026-09-30 18:52:47,335 | INFO | Processed 138/647: benign (222).png
2026-09-30 18:52:47,474 | INFO | Processed 139/647: benign (223).png
2026-09-30 18:52:47,609 | INFO | Processed 140/647: benign (224).png
2026-09-30 18:52:47,740 | INFO | Processed 141/647: benign (225).png
2026-09-30 18:52:47,876 | INFO | Processed 142/647: benign (226).png
2026-09-30 18:52:48,010 | INFO | Processed 143/647: benign (227).png
2026-09-30 18:52:48,157 | INFO | Processed 144/647: benign (228).png
2026-09-30 18:52:48,287 | INFO | Processed 145/647: benign (229).png
2026-09-30 18:52:48,493 | INFO | Processed 146/647: benign (23).png
2026-09-30 18:52:48,622 | INFO | Processed 147/647: benign (230).png
2026-09-30 18:52:48,760 | INFO | Processed 148/647: benign (231).png
2026-09-30 18:52:48,960 | INFO | Processed 149/647: benign (232).png
2026-09-30 18:52:49,128 | INFO | Processed 150/647: benign (233).png
2026-09-30 18:52:49,331 | INFO | Processed 151/647: benign (234).png
2026-09-30 18:52:49,519 | INFO | Processed 152/647: benign (235).png
2026-09-30 18:52:49,706 | INFO | Processed 153/647: benign (236).png
2026-09-30 18:52:49,876 | INFO | Processed 154/647: benign (237).png
2026-09-30 18:52:50,045 | INFO | Processed 155/647: benign (238).png
2026-09-30 18:52:50,243 | INFO | Processed 156/647: benign (239).png
2026-09-30 18:52:50,428 | INFO | Processed 157/647: benign (24).png
2026-09-30 18:52:50,665 | INFO | Processed 158/647: benign (240).png
2026-09-30 18:52:50,841 | INFO | Processed 159/647: benign (241).png
2026-09-30 18:52:51,013 | INFO | Processed 160/647: benign (242).png
2026-09-30 18:52:51,190 | INFO | Processed 161/647: benign (243).png
2026-09-30 18:52:51,354 | INFO | Processed 162/647: benign (244).png
2026-09-30 18:52:51,520 | INFO | Processed 163/647: benign (245).png
2026-09-30 18:52:51,660 | INFO | Processed 164/647: benign (246).png
2026-09-30 18:52:51,783 | INFO | Processed 165/647: benign (247).png
2026-09-30 18:52:51,943 | INFO | Processed 166/647: benign (248).png
2026-09-30 18:52:52,072 | INFO | Processed 167/647: benign (249).png
2026-09-30 18:52:52,332 | INFO | Processed 168/647: benign (25).png
2026-09-30 18:52:52,460 | INFO | Processed 169/647: benign (250).png
2026-09-30 18:52:52,604 | INFO | Processed 170/647: benign (251).png
2026-09-30 18:52:52,737 | INFO | Processed 171/647: benign (252).png
2026-09-30 18:52:52,899 | INFO | Processed 172/647: benign (253).png
2026-09-30 18:52:53,041 | INFO | Processed 173/647: benign (254).png
2026-09-30 18:52:53,195 | INFO | Processed 174/647: benign (255).png
2026-09-30 18:52:53,322 | INFO | Processed 175/647: benign (256).png
2026-09-30 18:52:53,454 | INFO | Processed 176/647: benign (257).png
2026-09-30 18:52:53,592 | INFO | Processed 177/647: benign (258).png
2026-09-30 18:52:53,738 | INFO | Processed 178/647: benign (259).png
2026-09-30 18:52:53,911 | INFO | Processed 179/647: benign (26).png
2026-09-30 18:52:54,063 | INFO | Processed 180/647: benign (260).png
2026-09-30 18:52:54,202 | INFO | Processed 181/647: benign (261).png
2026-09-30 18:52:54,323 | INFO | Processed 182/647: benign (262).png
2026-09-30 18:52:54,435 | INFO | Processed 183/647: benign (263).png
2026-09-30 18:52:54,536 | INFO | Processed 184/647: benign (264).png
2026-09-30 18:52:54,635 | INFO | Processed 185/647: benign (265).png
2026-09-30 18:52:54,735 | INFO | Processed 186/647: benign (266).png
2026-09-30 18:52:54,832 | INFO | Processed 187/647: benign (267).png
2026-09-30 18:52:54,956 | INFO | Processed 188/647: benign (268).png
2026-09-30 18:52:55,050 | INFO | Processed 189/647: benign (269).png
2026-09-30 18:52:55,255 | INFO | Processed 190/647: benign (27).png
2026-09-30 18:52:55,353 | INFO | Processed 191/647: benign (270).png
2026-09-30 18:52:55,447 | INFO | Processed 192/647: benign (271).png
2026-09-30 18:52:55,537 | INFO | Processed 193/647: benign (272).png
2026-09-30 18:52:55,681 | INFO | Processed 194/647: benign (273).png
2026-09-30 18:52:55,832 | INFO | Processed 195/647: benign (274).png
2026-09-30 18:52:55,975 | INFO | Processed 196/647: benign (275).png
2026-09-30 18:52:56,106 | INFO | Processed 197/647: benign (276).png
2026-09-30 18:52:56,246 | INFO | Processed 198/647: benign (277).png
2026-09-30 18:52:56,377 | INFO | Processed 199/647: benign (278).png
2026-09-30 18:52:56,532 | INFO | Processed 200/647: benign (279).png
2026-09-30 18:52:56,784 | INFO | Processed 201/647: benign (28).png
2026-09-30 18:52:56,936 | INFO | Processed 202/647: benign (280).png
2026-09-30 18:52:57,070 | INFO | Processed 203/647: benign (281).png
2026-09-30 18:52:57,200 | INFO | Processed 204/647: benign (282).png
2026-09-30 18:52:57,339 | INFO | Processed 205/647: benign (283).png
2026-09-30 18:52:57,466 | INFO | Processed 206/647: benign (284).png
2026-09-30 18:52:57,591 | INFO | Processed 207/647: benign (285).png
2026-09-30 18:52:57,706 | INFO | Processed 208/647: benign (286).png
2026-09-30 18:52:57,820 | INFO | Processed 209/647: benign (287).png
2026-09-30 18:52:57,919 | INFO | Processed 210/647: benign (288).png
2026-09-30 18:52:58,032 | INFO | Processed 211/647: benign (289).png
2026-09-30 18:52:58,153 | INFO | Processed 212/647: benign (29).png
2026-09-30 18:52:58,263 | INFO | Processed 213/647: benign (290).png
2026-09-30 18:52:58,364 | INFO | Processed 214/647: benign (291).png
2026-09-30 18:52:58,461 | INFO | Processed 215/647: benign (292).png
2026-09-30 18:52:58,565 | INFO | Processed 216/647: benign (293).png
2026-09-30 18:52:58,684 | INFO | Processed 217/647: benign (294).png
2026-09-30 18:52:58,786 | INFO | Processed 218/647: benign (295).png
2026-09-30 18:52:58,878 | INFO | Processed 219/647: benign (296).png
2026-09-30 18:52:58,980 | INFO | Processed 220/647: benign (297).png
2026-09-30 18:52:59,096 | INFO | Processed 221/647: benign (298).png
2026-09-30 18:52:59,196 | INFO | Processed 222/647: benign (299).png
2026-09-30 18:52:59,332 | INFO | Processed 223/647: benign (3).png
2026-09-30 18:52:59,457 | INFO | Processed 224/647: benign (30).png
2026-09-30 18:52:59,587 | INFO | Processed 225/647: benign (300).png
2026-09-30 18:52:59,681 | INFO | Processed 226/647: benign (301).png
2026-09-30 18:52:59,790 | INFO | Processed 227/647: benign (302).png
2026-09-30 18:52:59,880 | INFO | Processed 228/647: benign (303).png
2026-09-30 18:52:59,982 | INFO | Processed 229/647: benign (304).png
2026-09-30 18:53:00,088 | INFO | Processed 230/647: benign (305).png
2026-09-30 18:53:00,201 | INFO | Processed 231/647: benign (306).png
2026-09-30 18:53:00,418 | INFO | Processed 232/647: benign (307).png
2026-09-30 18:53:00,551 | INFO | Processed 233/647: benign (308).png
2026-09-30 18:53:00,720 | INFO | Processed 234/647: benign (309).png
2026-09-30 18:53:00,855 | INFO | Processed 235/647: benign (31).png
2026-09-30 18:53:00,984 | INFO | Processed 236/647: benign (310).png
2026-09-30 18:53:01,123 | INFO | Processed 237/647: benign (311).png
2026-09-30 18:53:01,269 | INFO | Processed 238/647: benign (312).png
2026-09-30 18:53:01,394 | INFO | Processed 239/647: benign (313).png
2026-09-30 18:53:01,551 | INFO | Processed 240/647: benign (314).png
2026-09-30 18:53:01,687 | INFO | Processed 241/647: benign (315).png
2026-09-30 18:53:01,839 | INFO | Processed 242/647: benign (316).png
2026-09-30 18:53:01,979 | INFO | Processed 243/647: benign (317).png
2026-09-30 18:53:02,107 | INFO | Processed 244/647: benign (318).png
2026-09-30 18:53:02,282 | INFO | Processed 245/647: benign (319).png
2026-09-30 18:53:02,465 | INFO | Processed 246/647: benign (32).png
2026-09-30 18:53:02,620 | INFO | Processed 247/647: benign (320).png
2026-09-30 18:53:02,796 | INFO | Processed 248/647: benign (321).png
2026-09-30 18:53:02,934 | INFO | Processed 249/647: benign (322).png
2026-09-30 18:53:03,075 | INFO | Processed 250/647: benign (323).png
2026-09-30 18:53:03,276 | INFO | Processed 251/647: benign (324).png
2026-09-30 18:53:03,447 | INFO | Processed 252/647: benign (325).png
2026-09-30 18:53:03,616 | INFO | Processed 253/647: benign (326).png
2026-09-30 18:53:03,824 | INFO | Processed 254/647: benign (327).png
2026-09-30 18:53:04,004 | INFO | Processed 255/647: benign (328).png
2026-09-30 18:53:04,224 | INFO | Processed 256/647: benign (329).png
2026-09-30 18:53:04,502 | INFO | Processed 257/647: benign (33).png
2026-09-30 18:53:04,739 | INFO | Processed 258/647: benign (330).png
2026-09-30 18:53:04,968 | INFO | Processed 259/647: benign (331).png
2026-09-30 18:53:05,197 | INFO | Processed 260/647: benign (332).png
2026-09-30 18:53:05,494 | INFO | Processed 261/647: benign (333).png
2026-09-30 18:53:05,654 | INFO | Processed 262/647: benign (334).png
2026-09-30 18:53:05,869 | INFO | Processed 263/647: benign (335).png
2026-09-30 18:53:06,152 | INFO | Processed 264/647: benign (336).png
2026-09-30 18:53:06,364 | INFO | Processed 265/647: benign (337).png
2026-09-30 18:53:06,520 | INFO | Processed 266/647: benign (338).png
2026-09-30 18:53:06,706 | INFO | Processed 267/647: benign (339).png
2026-09-30 18:53:06,890 | INFO | Processed 268/647: benign (34).png
2026-09-30 18:53:07,091 | INFO | Processed 269/647: benign (340).png
2026-09-30 18:53:07,313 | INFO | Processed 270/647: benign (341).png
2026-09-30 18:53:07,487 | INFO | Processed 271/647: benign (342).png
2026-09-30 18:53:07,669 | INFO | Processed 272/647: benign (343).png
2026-09-30 18:53:07,844 | INFO | Processed 273/647: benign (344).png
2026-09-30 18:53:08,014 | INFO | Processed 274/647: benign (345).png
2026-09-30 18:53:08,190 | INFO | Processed 275/647: benign (346).png
2026-09-30 18:53:08,470 | INFO | Processed 276/647: benign (347).png
2026-09-30 18:53:08,791 | INFO | Processed 277/647: benign (348).png
2026-09-30 18:53:08,969 | INFO | Processed 278/647: benign (349).png
2026-09-30 18:53:09,141 | INFO | Processed 279/647: benign (35).png
2026-09-30 18:53:09,437 | INFO | Processed 280/647: benign (350).png
2026-09-30 18:53:09,615 | INFO | Processed 281/647: benign (351).png
2026-09-30 18:53:09,794 | INFO | Processed 282/647: benign (352).png
2026-09-30 18:53:09,995 | INFO | Processed 283/647: benign (353).png
2026-09-30 18:53:10,170 | INFO | Processed 284/647: benign (354).png
2026-09-30 18:53:10,353 | INFO | Processed 285/647: benign (355).png
2026-09-30 18:53:10,489 | INFO | Processed 286/647: benign (356).png
2026-09-30 18:53:10,619 | INFO | Processed 287/647: benign (357).png
2026-09-30 18:53:10,747 | INFO | Processed 288/647: benign (358).png
2026-09-30 18:53:10,922 | INFO | Processed 289/647: benign (359).png
2026-09-30 18:53:11,045 | INFO | Processed 290/647: benign (36).png
2026-09-30 18:53:11,212 | INFO | Processed 291/647: benign (360).png
2026-09-30 18:53:11,359 | INFO | Processed 292/647: benign (361).png
2026-09-30 18:53:11,550 | INFO | Processed 293/647: benign (362).png
2026-09-30 18:53:11,677 | INFO | Processed 294/647: benign (363).png
2026-09-30 18:53:11,815 | INFO | Processed 295/647: benign (364).png
2026-09-30 18:53:11,964 | INFO | Processed 296/647: benign (365).png
2026-09-30 18:53:12,151 | INFO | Processed 297/647: benign (366).png
2026-09-30 18:53:12,288 | INFO | Processed 298/647: benign (367).png
2026-09-30 18:53:12,466 | INFO | Processed 299/647: benign (368).png
2026-09-30 18:53:12,670 | INFO | Processed 300/647: benign (369).png
2026-09-30 18:53:12,785 | INFO | Processed 301/647: benign (37).png
2026-09-30 18:53:12,913 | INFO | Processed 302/647: benign (370).png
2026-09-30 18:53:13,132 | INFO | Processed 303/647: benign (371).png
2026-09-30 18:53:13,288 | INFO | Processed 304/647: benign (372).png
2026-09-30 18:53:13,420 | INFO | Processed 305/647: benign (373).png
2026-09-30 18:53:13,561 | INFO | Processed 306/647: benign (374).png
2026-09-30 18:53:13,757 | INFO | Processed 307/647: benign (375).png
2026-09-30 18:53:13,891 | INFO | Processed 308/647: benign (376).png
2026-09-30 18:53:14,128 | INFO | Processed 309/647: benign (377).png
2026-09-30 18:53:14,277 | INFO | Processed 310/647: benign (378).png
2026-09-30 18:53:14,522 | INFO | Processed 311/647: benign (379).png
2026-09-30 18:53:14,651 | INFO | Processed 312/647: benign (38).png
2026-09-30 18:53:14,841 | INFO | Processed 313/647: benign (380).png
2026-09-30 18:53:15,028 | INFO | Processed 314/647: benign (381).png
2026-09-30 18:53:15,211 | INFO | Processed 315/647: benign (382).png
2026-09-30 18:53:15,350 | INFO | Processed 316/647: benign (383).png
2026-09-30 18:53:15,513 | INFO | Processed 317/647: benign (384).png
2026-09-30 18:53:15,616 | INFO | Processed 318/647: benign (385).png
2026-09-30 18:53:15,819 | INFO | Processed 319/647: benign (386).png
2026-09-30 18:53:15,954 | INFO | Processed 320/647: benign (387).png
2026-09-30 18:53:16,153 | INFO | Processed 321/647: benign (388).png
2026-09-30 18:53:16,383 | INFO | Processed 322/647: benign (389).png
2026-09-30 18:53:16,512 | INFO | Processed 323/647: benign (39).png
2026-09-30 18:53:16,717 | INFO | Processed 324/647: benign (390).png
2026-09-30 18:53:16,917 | INFO | Processed 325/647: benign (391).png
2026-09-30 18:53:17,093 | INFO | Processed 326/647: benign (392).png
2026-09-30 18:53:17,292 | INFO | Processed 327/647: benign (393).png
2026-09-30 18:53:17,421 | INFO | Processed 328/647: benign (394).png
2026-09-30 18:53:17,579 | INFO | Processed 329/647: benign (395).png
2026-09-30 18:53:17,676 | INFO | Processed 330/647: benign (396).png
2026-09-30 18:53:17,802 | INFO | Processed 331/647: benign (397).png
2026-09-30 18:53:17,956 | INFO | Processed 332/647: benign (398).png
2026-09-30 18:53:18,085 | INFO | Processed 333/647: benign (399).png
2026-09-30 18:53:18,237 | INFO | Processed 334/647: benign (4).png
2026-09-30 18:53:18,412 | INFO | Processed 335/647: benign (40).png
2026-09-30 18:53:18,609 | INFO | Processed 336/647: benign (400).png
2026-09-30 18:53:18,739 | INFO | Processed 337/647: benign (401).png
2026-09-30 18:53:18,869 | INFO | Processed 338/647: benign (402).png
2026-09-30 18:53:19,017 | INFO | Processed 339/647: benign (403).png
2026-09-30 18:53:19,224 | INFO | Processed 340/647: benign (404).png
2026-09-30 18:53:19,369 | INFO | Processed 341/647: benign (405).png
2026-09-30 18:53:19,498 | INFO | Processed 342/647: benign (406).png
2026-09-30 18:53:19,628 | INFO | Processed 343/647: benign (407).png
2026-09-30 18:53:19,760 | INFO | Processed 344/647: benign (408).png
2026-09-30 18:53:19,923 | INFO | Processed 345/647: benign (409).png
2026-09-30 18:53:20,100 | INFO | Processed 346/647: benign (41).png
2026-09-30 18:53:20,331 | INFO | Processed 347/647: benign (410).png
2026-09-30 18:53:20,544 | INFO | Processed 348/647: benign (411).png
2026-09-30 18:53:20,806 | INFO | Processed 349/647: benign (412).png
2026-09-30 18:53:20,938 | INFO | Processed 350/647: benign (413).png
2026-09-30 18:53:21,268 | INFO | Processed 351/647: benign (414).png
2026-09-30 18:53:21,571 | INFO | Processed 352/647: benign (415).png
2026-09-30 18:53:21,856 | INFO | Processed 353/647: benign (416).png
2026-09-30 18:53:22,039 | INFO | Processed 354/647: benign (417).png
2026-09-30 18:53:22,190 | INFO | Processed 355/647: benign (418).png
2026-09-30 18:53:22,461 | INFO | Processed 356/647: benign (419).png
2026-09-30 18:53:22,644 | INFO | Processed 357/647: benign (42).png
2026-09-30 18:53:22,922 | INFO | Processed 358/647: benign (420).png
2026-09-30 18:53:23,109 | INFO | Processed 359/647: benign (421).png
2026-09-30 18:53:23,362 | INFO | Processed 360/647: benign (422).png
2026-09-30 18:53:23,552 | INFO | Processed 361/647: benign (423).png
2026-09-30 18:53:23,749 | INFO | Processed 362/647: benign (424).png
2026-09-30 18:53:23,915 | INFO | Processed 363/647: benign (425).png
2026-09-30 18:53:24,107 | INFO | Processed 364/647: benign (426).png
2026-09-30 18:53:24,322 | INFO | Processed 365/647: benign (427).png
2026-09-30 18:53:24,518 | INFO | Processed 366/647: benign (428).png
2026-09-30 18:53:24,738 | INFO | Processed 367/647: benign (429).png
2026-09-30 18:53:24,949 | INFO | Processed 368/647: benign (43).png
2026-09-30 18:53:25,202 | INFO | Processed 369/647: benign (430).png
2026-09-30 18:53:25,379 | INFO | Processed 370/647: benign (431).png
2026-09-30 18:53:25,504 | INFO | Processed 371/647: benign (432).png
2026-09-30 18:53:25,613 | INFO | Processed 372/647: benign (433).png
2026-09-30 18:53:25,779 | INFO | Processed 373/647: benign (434).png
2026-09-30 18:53:25,889 | INFO | Processed 374/647: benign (435).png
2026-09-30 18:53:26,015 | INFO | Processed 375/647: benign (436).png
2026-09-30 18:53:26,217 | INFO | Processed 376/647: benign (437).png
2026-09-30 18:53:26,416 | INFO | Processed 377/647: benign (44).png
2026-09-30 18:53:26,646 | INFO | Processed 378/647: benign (45).png
2026-09-30 18:53:26,776 | INFO | Processed 379/647: benign (46).png
2026-09-30 18:53:26,978 | INFO | Processed 380/647: benign (47).png
2026-09-30 18:53:27,202 | INFO | Processed 381/647: benign (48).png
2026-09-30 18:53:27,393 | INFO | Processed 382/647: benign (49).png
2026-09-30 18:53:27,545 | INFO | Processed 383/647: benign (5).png
2026-09-30 18:53:27,767 | INFO | Processed 384/647: benign (50).png
2026-09-30 18:53:27,847 | INFO | Processed 385/647: benign (51).png
2026-09-30 18:53:27,932 | INFO | Processed 386/647: benign (52).png
2026-09-30 18:53:28,060 | INFO | Processed 387/647: benign (53).png
2026-09-30 18:53:28,210 | INFO | Processed 388/647: benign (54).png
2026-09-30 18:53:28,429 | INFO | Processed 389/647: benign (55).png
2026-09-30 18:53:28,678 | INFO | Processed 390/647: benign (56).png
2026-09-30 18:53:28,811 | INFO | Processed 391/647: benign (57).png
2026-09-30 18:53:29,020 | INFO | Processed 392/647: benign (58).png
2026-09-30 18:53:29,152 | INFO | Processed 393/647: benign (59).png
2026-09-30 18:53:29,300 | INFO | Processed 394/647: benign (6).png
2026-09-30 18:53:29,495 | INFO | Processed 395/647: benign (60).png
2026-09-30 18:53:29,707 | INFO | Processed 396/647: benign (61).png
2026-09-30 18:53:29,827 | INFO | Processed 397/647: benign (62).png
2026-09-30 18:53:30,016 | INFO | Processed 398/647: benign (63).png
2026-09-30 18:53:30,168 | INFO | Processed 399/647: benign (64).png
2026-09-30 18:53:30,303 | INFO | Processed 400/647: benign (65).png
2026-09-30 18:53:30,435 | INFO | Processed 401/647: benign (66).png
2026-09-30 18:53:30,561 | INFO | Processed 402/647: benign (67).png
2026-09-30 18:53:30,736 | INFO | Processed 403/647: benign (68).png
2026-09-30 18:53:31,021 | INFO | Processed 404/647: benign (69).png
2026-09-30 18:53:31,192 | INFO | Processed 405/647: benign (7).png
2026-09-30 18:53:31,346 | INFO | Processed 406/647: benign (70).png
2026-09-30 18:53:31,483 | INFO | Processed 407/647: benign (71).png
2026-09-30 18:53:31,614 | INFO | Processed 408/647: benign (72).png
2026-09-30 18:53:31,746 | INFO | Processed 409/647: benign (73).png
2026-09-30 18:53:31,880 | INFO | Processed 410/647: benign (74).png
2026-09-30 18:53:32,085 | INFO | Processed 411/647: benign (75).png
2026-09-30 18:53:32,334 | INFO | Processed 412/647: benign (76).png
2026-09-30 18:53:32,445 | INFO | Processed 413/647: benign (77).png
2026-09-30 18:53:32,644 | INFO | Processed 414/647: benign (78).png
2026-09-30 18:53:32,864 | INFO | Processed 415/647: benign (79).png
2026-09-30 18:53:33,028 | INFO | Processed 416/647: benign (8).png
2026-09-30 18:53:33,202 | INFO | Processed 417/647: benign (80).png
2026-09-30 18:53:33,329 | INFO | Processed 418/647: benign (81).png
2026-09-30 18:53:33,470 | INFO | Processed 419/647: benign (82).png
2026-09-30 18:53:33,606 | INFO | Processed 420/647: benign (83).png
2026-09-30 18:53:33,787 | INFO | Processed 421/647: benign (84).png
2026-09-30 18:53:33,915 | INFO | Processed 422/647: benign (85).png
2026-09-30 18:53:34,139 | INFO | Processed 423/647: benign (86).png
2026-09-30 18:53:34,368 | INFO | Processed 424/647: benign (87).png
2026-09-30 18:53:34,587 | INFO | Processed 425/647: benign (88).png
2026-09-30 18:53:34,808 | INFO | Processed 426/647: benign (89).png
2026-09-30 18:53:34,976 | INFO | Processed 427/647: benign (9).png
2026-09-30 18:53:35,177 | INFO | Processed 428/647: benign (90).png
2026-09-30 18:53:35,419 | INFO | Processed 429/647: benign (91).png
2026-09-30 18:53:35,698 | INFO | Processed 430/647: benign (92).png
2026-09-30 18:53:35,902 | INFO | Processed 431/647: benign (93).png
2026-09-30 18:53:36,190 | INFO | Processed 432/647: benign (94).png
2026-09-30 18:53:36,370 | INFO | Processed 433/647: benign (95).png
2026-09-30 18:53:36,639 | INFO | Processed 434/647: benign (96).png
2026-09-30 18:53:36,813 | INFO | Processed 435/647: benign (97).png
2026-09-30 18:53:37,081 | INFO | Processed 436/647: benign (98).png
2026-09-30 18:53:37,271 | INFO | Processed 437/647: benign (99).png
2026-09-30 18:53:37,515 | INFO | Processed 438/647: malignant (1).png
2026-09-30 18:53:37,648 | INFO | Processed 439/647: malignant (10).png
2026-09-30 18:53:37,825 | INFO | Processed 440/647: malignant (100).png
2026-09-30 18:53:38,166 | INFO | Processed 441/647: malignant (101).png
2026-09-30 18:53:38,462 | INFO | Processed 442/647: malignant (102).png
2026-09-30 18:53:38,664 | INFO | Processed 443/647: malignant (103).png
2026-09-30 18:53:38,863 | INFO | Processed 444/647: malignant (104).png
2026-09-30 18:53:39,051 | INFO | Processed 445/647: malignant (105).png
2026-09-30 18:53:39,244 | INFO | Processed 446/647: malignant (106).png
2026-09-30 18:53:39,414 | INFO | Processed 447/647: malignant (107).png
2026-09-30 18:53:39,627 | INFO | Processed 448/647: malignant (108).png
2026-09-30 18:53:39,800 | INFO | Processed 449/647: malignant (109).png
2026-09-30 18:53:39,926 | INFO | Processed 450/647: malignant (11).png
2026-09-30 18:53:40,107 | INFO | Processed 451/647: malignant (110).png
2026-09-30 18:53:40,277 | INFO | Processed 452/647: malignant (111).png
2026-09-30 18:53:40,464 | INFO | Processed 453/647: malignant (112).png
2026-09-30 18:53:40,713 | INFO | Processed 454/647: malignant (113).png
2026-09-30 18:53:40,849 | INFO | Processed 455/647: malignant (114).png
2026-09-30 18:53:41,011 | INFO | Processed 456/647: malignant (115).png
2026-09-30 18:53:41,145 | INFO | Processed 457/647: malignant (116).png
2026-09-30 18:53:41,285 | INFO | Processed 458/647: malignant (117).png
2026-09-30 18:53:41,445 | INFO | Processed 459/647: malignant (118).png
2026-09-30 18:53:41,575 | INFO | Processed 460/647: malignant (119).png
2026-09-30 18:53:41,700 | INFO | Processed 461/647: malignant (12).png
2026-09-30 18:53:41,830 | INFO | Processed 462/647: malignant (120).png
2026-09-30 18:53:41,962 | INFO | Processed 463/647: malignant (121).png
2026-09-30 18:53:42,099 | INFO | Processed 464/647: malignant (122).png
2026-09-30 18:53:42,196 | INFO | Processed 465/647: malignant (123).png
2026-09-30 18:53:42,338 | INFO | Processed 466/647: malignant (124).png
2026-09-30 18:53:42,485 | INFO | Processed 467/647: malignant (125).png
2026-09-30 18:53:42,625 | INFO | Processed 468/647: malignant (126).png
2026-09-30 18:53:42,773 | INFO | Processed 469/647: malignant (127).png
2026-09-30 18:53:42,917 | INFO | Processed 470/647: malignant (128).png
2026-09-30 18:53:43,050 | INFO | Processed 471/647: malignant (129).png
2026-09-30 18:53:43,159 | INFO | Processed 472/647: malignant (13).png
2026-09-30 18:53:43,294 | INFO | Processed 473/647: malignant (130).png
2026-09-30 18:53:43,450 | INFO | Processed 474/647: malignant (131).png
2026-09-30 18:53:43,591 | INFO | Processed 475/647: malignant (132).png
2026-09-30 18:53:43,724 | INFO | Processed 476/647: malignant (133).png
2026-09-30 18:53:43,868 | INFO | Processed 477/647: malignant (134).png
2026-09-30 18:53:44,100 | INFO | Processed 478/647: malignant (135).png
2026-09-30 18:53:44,173 | INFO | Processed 479/647: malignant (136).png
2026-09-30 18:53:44,251 | INFO | Processed 480/647: malignant (137).png
2026-09-30 18:53:44,386 | INFO | Processed 481/647: malignant (138).png
2026-09-30 18:53:44,522 | INFO | Processed 482/647: malignant (139).png
2026-09-30 18:53:44,594 | INFO | Processed 483/647: malignant (14).png
2026-09-30 18:53:44,719 | INFO | Processed 484/647: malignant (140).png
2026-09-30 18:53:44,860 | INFO | Processed 485/647: malignant (141).png
2026-09-30 18:53:44,998 | INFO | Processed 486/647: malignant (142).png
2026-09-30 18:53:45,133 | INFO | Processed 487/647: malignant (143).png
2026-09-30 18:53:45,279 | INFO | Processed 488/647: malignant (144).png
2026-09-30 18:53:45,396 | INFO | Processed 489/647: malignant (145).png
2026-09-30 18:53:45,536 | INFO | Processed 490/647: malignant (146).png
2026-09-30 18:53:45,662 | INFO | Processed 491/647: malignant (147).png
2026-09-30 18:53:45,794 | INFO | Processed 492/647: malignant (148).png
2026-09-30 18:53:46,021 | INFO | Processed 493/647: malignant (149).png
2026-09-30 18:53:46,112 | INFO | Processed 494/647: malignant (15).png
2026-09-30 18:53:46,260 | INFO | Processed 495/647: malignant (150).png
2026-09-30 18:53:46,391 | INFO | Processed 496/647: malignant (151).png
2026-09-30 18:53:46,597 | INFO | Processed 497/647: malignant (152).png
2026-09-30 18:53:46,775 | INFO | Processed 498/647: malignant (153).png
2026-09-30 18:53:46,914 | INFO | Processed 499/647: malignant (154).png
2026-09-30 18:53:47,051 | INFO | Processed 500/647: malignant (155).png
2026-09-30 18:53:47,189 | INFO | Processed 501/647: malignant (156).png
2026-09-30 18:53:47,317 | INFO | Processed 502/647: malignant (157).png
2026-09-30 18:53:47,432 | INFO | Processed 503/647: malignant (158).png
2026-09-30 18:53:47,572 | INFO | Processed 504/647: malignant (159).png
2026-09-30 18:53:47,697 | INFO | Processed 505/647: malignant (16).png
2026-09-30 18:53:47,855 | INFO | Processed 506/647: malignant (160).png
2026-09-30 18:53:48,056 | INFO | Processed 507/647: malignant (161).png
2026-09-30 18:53:48,221 | INFO | Processed 508/647: malignant (162).png
2026-09-30 18:53:48,396 | INFO | Processed 509/647: malignant (163).png
2026-09-30 18:53:48,555 | INFO | Processed 510/647: malignant (164).png
2026-09-30 18:53:48,638 | INFO | Processed 511/647: malignant (165).png
2026-09-30 18:53:48,784 | INFO | Processed 512/647: malignant (166).png
2026-09-30 18:53:48,919 | INFO | Processed 513/647: malignant (167).png
2026-09-30 18:53:49,067 | INFO | Processed 514/647: malignant (168).png
2026-09-30 18:53:49,201 | INFO | Processed 515/647: malignant (169).png
2026-09-30 18:53:49,401 | INFO | Processed 516/647: malignant (17).png
2026-09-30 18:53:49,550 | INFO | Processed 517/647: malignant (170).png
2026-09-30 18:53:49,720 | INFO | Processed 518/647: malignant (171).png
2026-09-30 18:53:49,860 | INFO | Processed 519/647: malignant (172).png
2026-09-30 18:53:49,976 | INFO | Processed 520/647: malignant (173).png
2026-09-30 18:53:50,160 | INFO | Processed 521/647: malignant (174).png
2026-09-30 18:53:50,296 | INFO | Processed 522/647: malignant (175).png
2026-09-30 18:53:50,485 | INFO | Processed 523/647: malignant (176).png
2026-09-30 18:53:50,671 | INFO | Processed 524/647: malignant (177).png
2026-09-30 18:53:50,802 | INFO | Processed 525/647: malignant (178).png
2026-09-30 18:53:50,918 | INFO | Processed 526/647: malignant (179).png
2026-09-30 18:53:51,066 | INFO | Processed 527/647: malignant (18).png
2026-09-30 18:53:51,244 | INFO | Processed 528/647: malignant (180).png
2026-09-30 18:53:51,408 | INFO | Processed 529/647: malignant (181).png
2026-09-30 18:53:51,648 | INFO | Processed 530/647: malignant (182).png
2026-09-30 18:53:51,856 | INFO | Processed 531/647: malignant (183).png
2026-09-30 18:53:52,056 | INFO | Processed 532/647: malignant (184).png
2026-09-30 18:53:52,873 | INFO | Processed 533/647: malignant (185).png
2026-09-30 18:53:53,062 | INFO | Processed 534/647: malignant (186).png
2026-09-30 18:53:53,357 | INFO | Processed 535/647: malignant (187).png
2026-09-30 18:53:54,091 | INFO | Processed 536/647: malignant (188).png
2026-09-30 18:53:54,229 | INFO | Processed 537/647: malignant (189).png
2026-09-30 18:53:54,439 | INFO | Processed 538/647: malignant (19).png
2026-09-30 18:53:54,620 | INFO | Processed 539/647: malignant (190).png
2026-09-30 18:53:54,815 | INFO | Processed 540/647: malignant (191).png
2026-09-30 18:53:55,016 | INFO | Processed 541/647: malignant (192).png
2026-09-30 18:53:55,279 | INFO | Processed 542/647: malignant (193).png
2026-09-30 18:53:55,602 | INFO | Processed 543/647: malignant (194).png
2026-09-30 18:53:55,788 | INFO | Processed 544/647: malignant (195).png
2026-09-30 18:53:56,014 | INFO | Processed 545/647: malignant (196).png
2026-09-30 18:53:56,270 | INFO | Processed 546/647: malignant (197).png
2026-09-30 18:53:56,496 | INFO | Processed 547/647: malignant (198).png
2026-09-30 18:53:56,678 | INFO | Processed 548/647: malignant (199).png
2026-09-30 18:53:56,853 | INFO | Processed 549/647: malignant (2).png
2026-09-30 18:53:57,040 | INFO | Processed 550/647: malignant (20).png
2026-09-30 18:53:57,189 | INFO | Processed 551/647: malignant (200).png
2026-09-30 18:53:57,376 | INFO | Processed 552/647: malignant (201).png
2026-09-30 18:53:57,514 | INFO | Processed 553/647: malignant (202).png
2026-09-30 18:53:57,644 | INFO | Processed 554/647: malignant (203).png
2026-09-30 18:53:57,872 | INFO | Processed 555/647: malignant (204).png
2026-09-30 18:53:57,994 | INFO | Processed 556/647: malignant (205).png
2026-09-30 18:53:58,190 | INFO | Processed 557/647: malignant (206).png
2026-09-30 18:53:58,339 | INFO | Processed 558/647: malignant (207).png
2026-09-30 18:53:58,512 | INFO | Processed 559/647: malignant (208).png
2026-09-30 18:53:58,636 | INFO | Processed 560/647: malignant (209).png
2026-09-30 18:53:58,758 | INFO | Processed 561/647: malignant (21).png
2026-09-30 18:53:58,964 | INFO | Processed 562/647: malignant (210).png
2026-09-30 18:53:59,104 | INFO | Processed 563/647: malignant (22).png
2026-09-30 18:53:59,233 | INFO | Processed 564/647: malignant (23).png
2026-09-30 18:53:59,393 | INFO | Processed 565/647: malignant (24).png
2026-09-30 18:53:59,525 | INFO | Processed 566/647: malignant (25).png
2026-09-30 18:53:59,653 | INFO | Processed 567/647: malignant (26).png
2026-09-30 18:53:59,798 | INFO | Processed 568/647: malignant (27).png
2026-09-30 18:53:59,932 | INFO | Processed 569/647: malignant (28).png
2026-09-30 18:54:00,068 | INFO | Processed 570/647: malignant (29).png
2026-09-30 18:54:00,177 | INFO | Processed 571/647: malignant (3).png
2026-09-30 18:54:00,310 | INFO | Processed 572/647: malignant (30).png
2026-09-30 18:54:00,505 | INFO | Processed 573/647: malignant (31).png
2026-09-30 18:54:00,645 | INFO | Processed 574/647: malignant (32).png
2026-09-30 18:54:00,802 | INFO | Processed 575/647: malignant (33).png
2026-09-30 18:54:00,980 | INFO | Processed 576/647: malignant (34).png
2026-09-30 18:54:01,098 | INFO | Processed 577/647: malignant (35).png
2026-09-30 18:54:01,245 | INFO | Processed 578/647: malignant (36).png
2026-09-30 18:54:01,392 | INFO | Processed 579/647: malignant (37).png
2026-09-30 18:54:01,650 | INFO | Processed 580/647: malignant (38).png
2026-09-30 18:54:01,816 | INFO | Processed 581/647: malignant (39).png
2026-09-30 18:54:01,922 | INFO | Processed 582/647: malignant (4).png
2026-09-30 18:54:02,062 | INFO | Processed 583/647: malignant (40).png
2026-09-30 18:54:02,198 | INFO | Processed 584/647: malignant (41).png
2026-09-30 18:54:02,332 | INFO | Processed 585/647: malignant (42).png
2026-09-30 18:54:02,475 | INFO | Processed 586/647: malignant (43).png
2026-09-30 18:54:02,714 | INFO | Processed 587/647: malignant (44).png
2026-09-30 18:54:02,931 | INFO | Processed 588/647: malignant (45).png
2026-09-30 18:54:03,127 | INFO | Processed 589/647: malignant (46).png
2026-09-30 18:54:03,265 | INFO | Processed 590/647: malignant (47).png
2026-09-30 18:54:03,408 | INFO | Processed 591/647: malignant (48).png
2026-09-30 18:54:03,562 | INFO | Processed 592/647: malignant (49).png
2026-09-30 18:54:03,673 | INFO | Processed 593/647: malignant (5).png
2026-09-30 18:54:03,826 | INFO | Processed 594/647: malignant (50).png
2026-09-30 18:54:03,971 | INFO | Processed 595/647: malignant (51).png
2026-09-30 18:54:04,104 | INFO | Processed 596/647: malignant (52).png
2026-09-30 18:54:04,250 | INFO | Processed 597/647: malignant (53).png
2026-09-30 18:54:04,449 | INFO | Processed 598/647: malignant (54).png
2026-09-30 18:54:04,654 | INFO | Processed 599/647: malignant (55).png
2026-09-30 18:54:04,823 | INFO | Processed 600/647: malignant (56).png
2026-09-30 18:54:05,035 | INFO | Processed 601/647: malignant (57).png
2026-09-30 18:54:05,214 | INFO | Processed 602/647: malignant (58).png
2026-09-30 18:54:05,386 | INFO | Processed 603/647: malignant (59).png
2026-09-30 18:54:05,502 | INFO | Processed 604/647: malignant (6).png
2026-09-30 18:54:05,680 | INFO | Processed 605/647: malignant (60).png
2026-09-30 18:54:05,813 | INFO | Processed 606/647: malignant (61).png
2026-09-30 18:54:06,013 | INFO | Processed 607/647: malignant (62).png
2026-09-30 18:54:06,216 | INFO | Processed 608/647: malignant (63).png
2026-09-30 18:54:06,420 | INFO | Processed 609/647: malignant (64).png
2026-09-30 18:54:06,642 | INFO | Processed 610/647: malignant (65).png
2026-09-30 18:54:06,816 | INFO | Processed 611/647: malignant (66).png
2026-09-30 18:54:07,062 | INFO | Processed 612/647: malignant (67).png
2026-09-30 18:54:07,243 | INFO | Processed 613/647: malignant (68).png
2026-09-30 18:54:07,424 | INFO | Processed 614/647: malignant (69).png
2026-09-30 18:54:07,575 | INFO | Processed 615/647: malignant (7).png
2026-09-30 18:54:07,819 | INFO | Processed 616/647: malignant (70).png
2026-09-30 18:54:08,016 | INFO | Processed 617/647: malignant (71).png
2026-09-30 18:54:08,243 | INFO | Processed 618/647: malignant (72).png
2026-09-30 18:54:08,422 | INFO | Processed 619/647: malignant (73).png
2026-09-30 18:54:08,642 | INFO | Processed 620/647: malignant (74).png
2026-09-30 18:54:08,785 | INFO | Processed 621/647: malignant (75).png
2026-09-30 18:54:09,020 | INFO | Processed 622/647: malignant (76).png
2026-09-30 18:54:09,332 | INFO | Processed 623/647: malignant (77).png
2026-09-30 18:54:09,637 | INFO | Processed 624/647: malignant (78).png
2026-09-30 18:54:09,813 | INFO | Processed 625/647: malignant (79).png
2026-09-30 18:54:09,971 | INFO | Processed 626/647: malignant (8).png
2026-09-30 18:54:10,163 | INFO | Processed 627/647: malignant (80).png
2026-09-30 18:54:10,396 | INFO | Processed 628/647: malignant (81).png
2026-09-30 18:54:10,581 | INFO | Processed 629/647: malignant (82).png
2026-09-30 18:54:10,826 | INFO | Processed 630/647: malignant (83).png
2026-09-30 18:54:11,076 | INFO | Processed 631/647: malignant (84).png
2026-09-30 18:54:11,312 | INFO | Processed 632/647: malignant (85).png
2026-09-30 18:54:11,533 | INFO | Processed 633/647: malignant (86).png
2026-09-30 18:54:11,707 | INFO | Processed 634/647: malignant (87).png
2026-09-30 18:54:11,983 | INFO | Processed 635/647: malignant (88).png
2026-09-30 18:54:12,285 | INFO | Processed 636/647: malignant (89).png
2026-09-30 18:54:12,435 | INFO | Processed 637/647: malignant (9).png
2026-09-30 18:54:12,682 | INFO | Processed 638/647: malignant (90).png
2026-09-30 18:54:12,817 | INFO | Processed 639/647: malignant (91).png
2026-09-30 18:54:12,993 | INFO | Processed 640/647: malignant (92).png
2026-09-30 18:54:13,121 | INFO | Processed 641/647: malignant (93).png
2026-09-30 18:54:13,249 | INFO | Processed 642/647: malignant (94).png
2026-09-30 18:54:13,447 | INFO | Processed 643/647: malignant (95).png
2026-09-30 18:54:13,595 | INFO | Processed 644/647: malignant (96).png
2026-09-30 18:54:13,732 | INFO | Processed 645/647: malignant (97).png
2026-09-30 18:54:13,899 | INFO | Processed 646/647: malignant (98).png
2026-09-30 18:54:14,034 | INFO | Processed 647/647: malignant (99).png
2026-09-30 18:54:14,037 | INFO | Preprocessing completed.
2026-09-30 18:54:17,061 | INFO | NumExpr defaulting to 2 threads.
